----------------------------------------------------------------------------------------------------
      name:  <unnamed>
       log:  C:\Users\Neha Narayan\Desktop\GitHub\senior-thesis\derived\code\construct_dataframes.lo
> g
  log type:  text
 opened on:  31 Jul 2023, 09:32:34

. clear all

. set more off

. 
. global raw "C:\Users\Neha Narayan\Desktop\GitHub\senior-thesis\raw"

. global csv "C:\Users\Neha Narayan\Desktop\GitHub\senior-thesis\derived\output\csv"

. global messy_dta "C:\Users\Neha Narayan\Desktop\GitHub\senior-thesis\derived\output\messy_dta"

. global clean_dta "C:\Users\Neha Narayan\Desktop\GitHub\senior-thesis\derived\output\clean_dta"

. 
end of do-file

. do "C:\Users\NEHANA~1\AppData\Local\Temp\STDa7c0_000000.tmp"

.     use "${messy_dta}/basic_append", clear

.         
.         merge 1:1 school_code ac_year using "${messy_dta}/general_append", assert(1 2 3) keep(3) /
> //
>             gen(merge_general)

    Result                      Number of obs
    -----------------------------------------
    Not matched                             0
    Matched                        17,966,993  (merge_general==3)
    -----------------------------------------

.         drop merge_general

.         
.         merge 1:1 school_code ac_year using "${messy_dta}/facility_append", assert(1 2 3) keep(3) 
> ///
>             gen(merge_facility)

    Result                      Number of obs
    -----------------------------------------
    Not matched                             0
    Matched                        17,966,993  (merge_facility==3)
    -----------------------------------------

.         drop merge_facility

.         
.         merge 1:1 school_code ac_year using "${messy_dta}/teachers_append", assert(1 2 3) keep(1 3
> ) ///
>             gen(merge_teachers)

    Result                      Number of obs
    -----------------------------------------
    Not matched                     4,805,675
        from master                 4,805,675  (merge_teachers==1)
        from using                          0  (merge_teachers==2)

    Matched                        13,161,318  (merge_teachers==3)
    -----------------------------------------

.         drop merge_teachers

.                 
.         merge 1:1 school_code ac_year using "${messy_dta}/rte_append", assert(1 2 3) keep(1 3) ///
>             gen(merge_rte)

    Result                      Number of obs
    -----------------------------------------
    Not matched                     6,109,531
        from master                 6,109,531  (merge_rte==1)
        from using                          0  (merge_rte==2)

    Matched                        11,857,462  (merge_rte==3)
    -----------------------------------------

.         drop merge_rte

.                 
.         merge 1:1 school_code ac_year using "${messy_dta}/repeaters_append", assert(1 2 3) keep(3)
>  ///
>             gen(merge_repeaters)

    Result                      Number of obs
    -----------------------------------------
    Not matched                             0
    Matched                        17,966,993  (merge_repeaters==3)
    -----------------------------------------

.         drop merge_repeaters

.                 
.         merge 1:1 school_code ac_year using "${messy_dta}/enrollment_append", assert(1 2 3) ///
>             gen(merge_enrollment)

    Result                      Number of obs
    -----------------------------------------
    Not matched                             0
    Matched                        17,966,993  (merge_enrollment==3)
    -----------------------------------------

. 
end of do-file

. keep if merge_enrollment == 3
(0 observations deleted)

. drop merge_enrollment

. merge 1:1 school_code ac_year using "${messy_dta}/scenrollment_append", assert(1 2 3) ///
option / not allowed
r(198);

. 
.     gen(merge_scenrollment)
( invalid name
r(198);

. do "C:\Users\NEHANA~1\AppData\Local\Temp\STDa7c0_000000.tmp"

.         merge 1:1 school_code ac_year using "${messy_dta}/scenrollment_append", assert(1 2 3) ///
>             gen(merge_scenrollment)
variables school_code ac_year do not uniquely identify observations in the using data
r(459);

end of do-file

r(459);

. do "C:\Users\NEHANA~1\AppData\Local\Temp\STDa7c0_000000.tmp"

.         merge 1:1 school_code ac_year using "${messy_dta}/scenrollment_append", assert(1 2 3) ///
>             gen(merge_scenrollment)

    Result                      Number of obs
    -----------------------------------------
    Not matched                             0
    Matched                        17,966,993  (merge_scenrollment==3)
    -----------------------------------------

. 
end of do-file

. drop merge_scenrollment

. do "C:\Users\NEHANA~1\AppData\Local\Temp\STDa7c0_000000.tmp"

.         merge 1:1 school_code ac_year using "${messy_dta}/stenrollment_append", assert(1 2 3) ///
>             gen(merge_stenrollment)

    Result                      Number of obs
    -----------------------------------------
    Not matched                             0
    Matched                        17,966,993  (merge_stenrollment==3)
    -----------------------------------------

. 
end of do-file

. drop merge_stenrollment

. do "C:\Users\NEHANA~1\AppData\Local\Temp\STDa7c0_000000.tmp"

.         merge 1:1 school_code ac_year using "${messy_dta}/obcenrollment_append", assert(1 2 3) ///
>             gen(merge_obcenrollment)

    Result                      Number of obs
    -----------------------------------------
    Not matched                             0
    Matched                        17,966,993  (merge_obcenrollment==3)
    -----------------------------------------

. 
end of do-file

. drop merge_obcenrollment

. do "C:\Users\NEHANA~1\AppData\Local\Temp\STDa7c0_000000.tmp"

.         merge 1:1 school_code ac_year using "${messy_dta}/disabledenrollment_append", assert(1 2 3
> ) ///
>             gen(merge_disabledenrollment)

    Result                      Number of obs
    -----------------------------------------
    Not matched                             0
    Matched                        17,966,993  (merge_disabledenrollment==3)
    -----------------------------------------

. 
end of do-file

. drop merge_disabled

. global clean_dta "C:\Users\Neha Narayan\Desktop\GitHub\senior-thesis\derived\output\clean_dta"

. save "${clean_dta}/panel_pre2017", replace
(file C:\Users\Neha
    Narayan\Desktop\GitHub\senior-thesis\derived\output\clean_dta/panel_pre2017.dta not found)
file C:\Users\Neha Narayan\Desktop\GitHub\senior-thesis\derived\output\clean_dta/panel_pre2017.dta
    saved

. count
  17,966,993

. ds, varwidth(32)
district                          fail5g
school_code                       fail6g
ac_year                           fail7g
schoolname                        fail8g
blockname                         fail9g
clustername                       fail10g
villagename                       fail11g
pincode                           fail12g
rural_urban                       c1_totb
medium1                           c1_totg
medium2                           c2_totb
medium3                           c2_totg
medium4                           c3_totb
distance_brc                      c3_totg
distance_crc                      c4_totb
pre_pry_yn                        c4_totg
residential_sch_yn                c5_totb
sch_management                    c5_totg
lowestclass                       c6_totb
highestclass                      c6_totg
schoolcategory_pre2013            c7_totb
preprimary_students               c7_totg
schooltype                        c8_totb
shiftschool_ind                   c8_totg
num_workingdays                   c9_b
no_of_acad_inspection             c9_g
residential_sch_type              c10_b
pre_pry_teachers                  c10_g
visits_by_brc                     c11_b
visits_by_crc                     c11_g
school_dev_grant_recd             c12_b
school_dev_grant_expnd            c12_g
tlm_grant_recd                    senrb5
tlm_grant_expnd                   senrg5
funds_from_students_recd          senrb8
funds_from_students_expnd         senrg8
year_est                          apprb5
schoolcategory_post2013           apprg5
building_status                   apprb8
tot_clrooms                       apprg8
classrooms_in_good_condition      passb5
classrooms_require_major_repair   passg5
classrooms_require_minor_repair   passb8
other_rooms_in_good_cond          passg8
other_rooms_need_major_rep        p60b5
other_rooms_need_minor_rep        p60g5
toilet_common                     p60b8
toilet_girls                      p60g8
electricity                       c1_cb
boundary_wall                     c2_cb
playground                        c3_cb
books_in_library                  c4_cb
drinking_water                    c5_cb
medical_checkup                   c6_cb
ramps                             c7_cb
no_of_computers                   c8_cb
male_tch                          c9_cb
female_tch                        c10_cb
noresp_tch                        c11_cb
head_teacher                      c12_cb
graduate_teachers                 c1_cg
tch_with_professional_qualificat  c2_cg
days_involved_in_non_tch_assgn    c3_cg
teachers_involved_in_non_tch_ass  c4_cg
kitchen_devices_grant             c5_cg
status_of_mdm                     c6_cg
computer_aided_learnin_lab        c7_cg
separate_room_for_headmaster      c8_cg
toilet_boys                       c9_cg
library_yn                        c10_cg
hmroom_yn                         c11_cg
headtch                           c12_cg
tch_with_professional             c1_tb
days_involved_in_non_tch          c2_tb
teachers_involved_in_non_tch      c3_tb
htchname                          c4_tb
working_days_primary              c5_tb
working_days_uprimary             c6_tb
schoool_hours_children_pri        c7_tb
school_hours_children_upri        c8_tb
school_hours_tch_p                c9_tb
school_hours_tch_upr              c10_tb
approachable_by_all_weather_road  c11_tb
cce_implemented                   c12_tb
pcr_shared_with_parents           c1_tg
aid_received                      c2_tg
chilren_admitted_for_free_educat  c3_tg
smc_constituted                   c4_tg
smc_members_male                  c5_tg
smc_members_female                c6_tg
smc_members_parents_male          c7_tg
smc_members_parents_female        c8_tg
smc_members_local_authority_male  c9_tg
smc_members_local_authority_fema  c10_tg
smc_meetings_held                 c11_tg
school_developmentplan_prepared   c12_tg
smc_children_record_maintained    c1_ob
spl_training_conducted_by         c2_ob
spl_training_place                c3_ob
spl_training_type                 c4_ob
num_tch_evs_for_spltrg            c5_ob
spl_training_material             c6_ob
textbook_received                 c7_ob
text_book_received_month          c8_ob
text_book_received_year           c9_ob
mdm_status                        c10_ob
kitchenshed_status                c11_ob
mdm_source                        c12_ob
days_meals_served                 c1_og
meals_served_prev_yr              c2_og
students_opted_mdm_b              c3_og
stdents_opted_mdm_g               c4_og
received_kitdev_grant             c5_og
cook_m                            c6_og
cook_f                            c7_og
inspections_by_so                 c8_og
inspections_by_cm                 c9_og
pcr_maintained                    c10_og
wsec25p_enrolled                  c11_og
spltrg_cy_enrolled_b              c12_og
spltrg_cy_enrolled_g              c1_dis_b
spltrg_cy_provided_b              c1_dis_g
spltrg_cy_provided_g              c2_dis_b
spltrg_py_enrolled_b              c2_dis_g
spltrg_py_enrolled_g              c3_dis_b
spltrg_py_provided_b              c3_dis_g
spltrg_py_provided_g              c4_dis_b
acstartmnth                       c4_dis_g
wsec25p_applied                   c5_dis_b
fail1b                            c5_dis_g
fail2b                            c6_dis_b
fail3b                            c6_dis_g
fail4b                            c7_dis_b
fail5b                            c7_dis_g
fail6b                            c8_dis_b
fail7b                            c8_dis_g
fail8b                            c9_dis_b
fail9b                            c9_dis_g
fail10b                           c10_dis_b
fail11b                           c10_dis_g
fail12b                           c11_dis_b
fail1g                            c11_dis_g
fail2g                            c12_dis_b
fail3g                            c12_dis_g
fail4g

